xxxx xxxx xxxx xxxx xxxx xxxx xxxx xxxx	xxxx xxxx xxxx xxxx xxxx xxxx xxxx xxxx	xxxx xxxx xxxx xxxx xxxx xxxx xxxx xxxx	xxxx xxxx xxxx xxxx xxxx xxxx xxxx xxxx	xxxx xxxx xxxx xxxx xxxx xxxx xxxx xxxx	xxxx xxxx xxxx xxxx xxxx xxxx xxxx xxxx	xxxx xxxx xxxx xxxx xxxx xxxx xxxx xxxx	xxxx xxxx xxxx xxxx xxxx xxxx xxxx xxxx	0000 0000 0000 0000 0000 0000 0000 0000	0000 0000 0101 0000 0000 0010 1001 0011	0000 0000 0000 0000
xxxx xxxx xxxx xxxx xxxx xxxx xxxx xxxx	xxxx xxxx xxxx xxxx xxxx xxxx xxxx xxxx	xxxx xxxx xxxx xxxx xxxx xxxx xxxx xxxx	xxxx xxxx xxxx xxxx xxxx xxxx xxxx xxxx	xxxx xxxx xxxx xxxx xxxx xxxx xxxx xxxx	xxxx xxxx xxxx xxxx xxxx xxxx xxxx xxxx	xxxx xxxx xxxx xxxx xxxx xxxx xxxx xxxx	xxxx xxxx xxxx xxxx xxxx xxxx xxxx xxxx	0000 0000 0000 0000 0000 0000 0000 0001	0000 0000 0111 0010 1000 0011 0001 0011	0000 0000 0000 0001
xxxx xxxx xxxx xxxx xxxx xxxx xxxx xxxx	xxxx xxxx xxxx xxxx xxxx xxxx xxxx xxxx	xxxx xxxx xxxx xxxx xxxx xxxx xxxx xxxx	xxxx xxxx xxxx xxxx xxxx xxxx xxxx xxxx	xxxx xxxx xxxx xxxx xxxx xxxx xxxx xxxx	xxxx xxxx xxxx xxxx xxxx xxxx xxxx xxxx	xxxx xxxx xxxx xxxx xxxx xxxx xxxx xxxx	xxxx xxxx xxxx xxxx xxxx xxxx xxxx xxxx	0000 0000 0000 0000 0000 0000 0000 0010	0000 0000 1001 0010 1000 0000 0001 0011	0000 0000 0000 0010
xxxx xxxx xxxx xxxx xxxx xxxx xxxx xxxx	xxxx xxxx xxxx xxxx xxxx xxxx xxxx xxxx	xxxx xxxx xxxx xxxx xxxx xxxx xxxx xxxx	xxxx xxxx xxxx xxxx xxxx xxxx xxxx xxxx	xxxx xxxx xxxx xxxx xxxx xxxx xxxx xxxx	xxxx xxxx xxxx xxxx xxxx xxxx xxxx xxxx	xxxx xxxx xxxx xxxx xxxx xxxx xxxx xxxx	xxxx xxxx xxxx xxxx xxxx xxxx xxxx xxxx	0000 0000 0000 0000 0000 0000 0000 0011	0000 0000 0000 0000 0000 0000 0000 0000	0000 0000 0000 0011
xxxx xxxx xxxx xxxx xxxx xxxx xxxx xxxx	xxxx xxxx xxxx xxxx xxxx xxxx xxxx xxxx	xxxx xxxx xxxx xxxx xxxx xxxx xxxx xxxx	xxxx xxxx xxxx xxxx xxxx xxxx xxxx xxxx	xxxx xxxx xxxx xxxx xxxx xxxx xxxx xxxx	xxxx xxxx xxxx xxxx xxxx xxxx xxxx xxxx	xxxx xxxx xxxx xxxx xxxx xxxx xxxx xxxx	xxxx xxxx xxxx xxxx xxxx xxxx xxxx xxxx	0000 0000 0000 0000 0000 0000 0000 0100	0000 0000 0000 0000 0000 0000 0000 0000	0000 0000 0000 0100
xxxx xxxx xxxx xxxx xxxx xxxx xxxx xxxx	xxxx xxxx xxxx xxxx xxxx xxxx xxxx xxxx	xxxx xxxx xxxx xxxx xxxx xxxx xxxx xxxx	xxxx xxxx xxxx xxxx xxxx xxxx xxxx xxxx	xxxx xxxx xxxx xxxx xxxx xxxx xxxx xxxx	xxxx xxxx xxxx xxxx xxxx xxxx xxxx xxxx	xxxx xxxx xxxx xxxx xxxx xxxx xxxx xxxx	xxxx xxxx xxxx xxxx xxxx xxxx xxxx xxxx	0000 0000 0000 0000 0000 0000 0000 0101	0000 0000 0000 0000 0000 0000 0000 0000	0000 0000 0000 0101
