xxxx xxxx xxxx xxxx xxxx xxxx xxxx xxxx	xxxx xxxx xxxx xxxx xxxx xxxx xxxx xxxx	xxxx xxxx xxxx xxxx xxxx xxxx xxxx xxxx	xxxx xxxx xxxx xxxx xxxx xxxx xxxx xxxx	xxxx xxxx xxxx xxxx xxxx xxxx xxxx xxxx	xxxx xxxx xxxx xxxx xxxx xxxx xxxx xxxx	xxxx xxxx xxxx xxxx xxxx xxxx xxxx xxxx	xxxx xxxx xxxx xxxx xxxx xxxx xxxx xxxx	0000 0000 0000 0000 0000 0000 0000 0000	0000 0000 1100 0000 0000 0000 1110 1111	0000 0000 0000 0000
xxxx xxxx xxxx xxxx xxxx xxxx xxxx xxxx	xxxx xxxx xxxx xxxx xxxx xxxx xxxx xxxx	xxxx xxxx xxxx xxxx xxxx xxxx xxxx xxxx	xxxx xxxx xxxx xxxx xxxx xxxx xxxx xxxx	xxxx xxxx xxxx xxxx xxxx xxxx xxxx xxxx	xxxx xxxx xxxx xxxx xxxx xxxx xxxx xxxx	xxxx xxxx xxxx xxxx xxxx xxxx xxxx xxxx	xxxx xxxx xxxx xxxx xxxx xxxx xxxx xxxx	0000 0000 0000 0000 0000 0000 0000 0001	1111 1111 1111 0000 0000 0100 0001 0011	0000 0000 0000 0001
xxxx xxxx xxxx xxxx xxxx xxxx xxxx xxxx	xxxx xxxx xxxx xxxx xxxx xxxx xxxx xxxx	xxxx xxxx xxxx xxxx xxxx xxxx xxxx xxxx	xxxx xxxx xxxx xxxx xxxx xxxx xxxx xxxx	xxxx xxxx xxxx xxxx xxxx xxxx xxxx xxxx	xxxx xxxx xxxx xxxx xxxx xxxx xxxx xxxx	xxxx xxxx xxxx xxxx xxxx xxxx xxxx xxxx	xxxx xxxx xxxx xxxx xxxx xxxx xxxx xxxx	0000 0000 0000 0000 0000 0000 0000 0010	0000 0000 1000 0000 0000 0000 0110 1111	0000 0000 0000 0010
xxxx xxxx xxxx xxxx xxxx xxxx xxxx xxxx	xxxx xxxx xxxx xxxx xxxx xxxx xxxx xxxx	xxxx xxxx xxxx xxxx xxxx xxxx xxxx xxxx	xxxx xxxx xxxx xxxx xxxx xxxx xxxx xxxx	xxxx xxxx xxxx xxxx xxxx xxxx xxxx xxxx	xxxx xxxx xxxx xxxx xxxx xxxx xxxx xxxx	xxxx xxxx xxxx xxxx xxxx xxxx xxxx xxxx	xxxx xxxx xxxx xxxx xxxx xxxx xxxx xxxx	0000 0000 0000 0000 0000 0000 0000 0011	0000 0000 0000 0000 1000 0000 0110 0111	0000 0000 0000 0011
xxxx xxxx xxxx xxxx xxxx xxxx xxxx xxxx	xxxx xxxx xxxx xxxx xxxx xxxx xxxx xxxx	xxxx xxxx xxxx xxxx xxxx xxxx xxxx xxxx	xxxx xxxx xxxx xxxx xxxx xxxx xxxx xxxx	xxxx xxxx xxxx xxxx xxxx xxxx xxxx xxxx	xxxx xxxx xxxx xxxx xxxx xxxx xxxx xxxx	xxxx xxxx xxxx xxxx xxxx xxxx xxxx xxxx	xxxx xxxx xxxx xxxx xxxx xxxx xxxx xxxx	0000 0000 0000 0000 0000 0000 0000 0100	1111 1111 1111 0000 0000 0101 0001 0011	0000 0000 0000 0100
xxxx xxxx xxxx xxxx xxxx xxxx xxxx xxxx	xxxx xxxx xxxx xxxx xxxx xxxx xxxx xxxx	xxxx xxxx xxxx xxxx xxxx xxxx xxxx xxxx	xxxx xxxx xxxx xxxx xxxx xxxx xxxx xxxx	xxxx xxxx xxxx xxxx xxxx xxxx xxxx xxxx	xxxx xxxx xxxx xxxx xxxx xxxx xxxx xxxx	xxxx xxxx xxxx xxxx xxxx xxxx xxxx xxxx	xxxx xxxx xxxx xxxx xxxx xxxx xxxx xxxx	0000 0000 0000 0000 0000 0000 0000 0101	0000 0000 0000 0000 0000 0000 0000 0000	0000 0000 0000 0101
xxxx xxxx xxxx xxxx xxxx xxxx xxxx xxxx	xxxx xxxx xxxx xxxx xxxx xxxx xxxx xxxx	xxxx xxxx xxxx xxxx xxxx xxxx xxxx xxxx	xxxx xxxx xxxx xxxx xxxx xxxx xxxx xxxx	xxxx xxxx xxxx xxxx xxxx xxxx xxxx xxxx	xxxx xxxx xxxx xxxx xxxx xxxx xxxx xxxx	xxxx xxxx xxxx xxxx xxxx xxxx xxxx xxxx	xxxx xxxx xxxx xxxx xxxx xxxx xxxx xxxx	0000 0000 0000 0000 0000 0000 0000 0110	0000 0000 0000 0000 0000 0000 0000 0000	0000 0000 0000 0110
xxxx xxxx xxxx xxxx xxxx xxxx xxxx xxxx	xxxx xxxx xxxx xxxx xxxx xxxx xxxx xxxx	xxxx xxxx xxxx xxxx xxxx xxxx xxxx xxxx	xxxx xxxx xxxx xxxx xxxx xxxx xxxx xxxx	xxxx xxxx xxxx xxxx xxxx xxxx xxxx xxxx	xxxx xxxx xxxx xxxx xxxx xxxx xxxx xxxx	xxxx xxxx xxxx xxxx xxxx xxxx xxxx xxxx	xxxx xxxx xxxx xxxx xxxx xxxx xxxx xxxx	0000 0000 0000 0000 0000 0000 0000 0111	0000 0000 0000 0000 0000 0000 0000 0000	0000 0000 0000 0111
xxxx xxxx xxxx xxxx xxxx xxxx xxxx xxxx	xxxx xxxx xxxx xxxx xxxx xxxx xxxx xxxx	xxxx xxxx xxxx xxxx xxxx xxxx xxxx xxxx	xxxx xxxx xxxx xxxx xxxx xxxx xxxx xxxx	xxxx xxxx xxxx xxxx xxxx xxxx xxxx xxxx	xxxx xxxx xxxx xxxx xxxx xxxx xxxx xxxx	xxxx xxxx xxxx xxxx xxxx xxxx xxxx xxxx	xxxx xxxx xxxx xxxx xxxx xxxx xxxx xxxx	0000 0000 0000 0000 0000 0000 0000 1000	0000 0000 0000 0000 0000 0000 0000 0000	0000 0000 0000 1000
xxxx xxxx xxxx xxxx xxxx xxxx xxxx xxxx	xxxx xxxx xxxx xxxx xxxx xxxx xxxx xxxx	xxxx xxxx xxxx xxxx xxxx xxxx xxxx xxxx	xxxx xxxx xxxx xxxx xxxx xxxx xxxx xxxx	xxxx xxxx xxxx xxxx xxxx xxxx xxxx xxxx	xxxx xxxx xxxx xxxx xxxx xxxx xxxx xxxx	xxxx xxxx xxxx xxxx xxxx xxxx xxxx xxxx	xxxx xxxx xxxx xxxx xxxx xxxx xxxx xxxx	0000 0000 0000 0000 0000 0000 0000 1001	0000 0000 0000 0000 0000 0000 0000 0000	0000 0000 0000 1001
