xxxx xxxx xxxx xxxx xxxx xxxx xxxx xxxx	xxxx xxxx xxxx xxxx xxxx xxxx xxxx xxxx	xxxx xxxx xxxx xxxx xxxx xxxx xxxx xxxx	xxxx xxxx xxxx xxxx xxxx xxxx xxxx xxxx	xxxx xxxx xxxx xxxx xxxx xxxx xxxx xxxx	xxxx xxxx xxxx xxxx xxxx xxxx xxxx xxxx	xxxx xxxx xxxx xxxx xxxx xxxx xxxx xxxx	xxxx xxxx xxxx xxxx xxxx xxxx xxxx xxxx	0000 0000 0000 0000 0000 0000 0000 0000	0000 0000 1000 0100 0000 0110 0110 0011	0000 0000 0000 0000
xxxx xxxx xxxx xxxx xxxx xxxx xxxx xxxx	xxxx xxxx xxxx xxxx xxxx xxxx xxxx xxxx	xxxx xxxx xxxx xxxx xxxx xxxx xxxx xxxx	xxxx xxxx xxxx xxxx xxxx xxxx xxxx xxxx	xxxx xxxx xxxx xxxx xxxx xxxx xxxx xxxx	xxxx xxxx xxxx xxxx xxxx xxxx xxxx xxxx	xxxx xxxx xxxx xxxx xxxx xxxx xxxx xxxx	xxxx xxxx xxxx xxxx xxxx xxxx xxxx xxxx	0000 0000 0000 0000 0000 0000 0000 0001	1111 1111 1111 0001 0000 0001 0001 0011	0000 0000 0000 0001
xxxx xxxx xxxx xxxx xxxx xxxx xxxx xxxx	xxxx xxxx xxxx xxxx xxxx xxxx xxxx xxxx	xxxx xxxx xxxx xxxx xxxx xxxx xxxx xxxx	xxxx xxxx xxxx xxxx xxxx xxxx xxxx xxxx	xxxx xxxx xxxx xxxx xxxx xxxx xxxx xxxx	xxxx xxxx xxxx xxxx xxxx xxxx xxxx xxxx	xxxx xxxx xxxx xxxx xxxx xxxx xxxx xxxx	xxxx xxxx xxxx xxxx xxxx xxxx xxxx xxxx	0000 0000 0000 0000 0000 0000 0000 0010	1111 1110 0000 0000 0000 1110 1110 0011	0000 0000 0000 0010
xxxx xxxx xxxx xxxx xxxx xxxx xxxx xxxx	xxxx xxxx xxxx xxxx xxxx xxxx xxxx xxxx	xxxx xxxx xxxx xxxx xxxx xxxx xxxx xxxx	xxxx xxxx xxxx xxxx xxxx xxxx xxxx xxxx	xxxx xxxx xxxx xxxx xxxx xxxx xxxx xxxx	xxxx xxxx xxxx xxxx xxxx xxxx xxxx xxxx	xxxx xxxx xxxx xxxx xxxx xxxx xxxx xxxx	xxxx xxxx xxxx xxxx xxxx xxxx xxxx xxxx	0000 0000 0000 0000 0000 0000 0000 0011	0000 0000 1010 0100 1000 0100 1001 0011	0000 0000 0000 0011
xxxx xxxx xxxx xxxx xxxx xxxx xxxx xxxx	xxxx xxxx xxxx xxxx xxxx xxxx xxxx xxxx	xxxx xxxx xxxx xxxx xxxx xxxx xxxx xxxx	xxxx xxxx xxxx xxxx xxxx xxxx xxxx xxxx	xxxx xxxx xxxx xxxx xxxx xxxx xxxx xxxx	xxxx xxxx xxxx xxxx xxxx xxxx xxxx xxxx	xxxx xxxx xxxx xxxx xxxx xxxx xxxx xxxx	xxxx xxxx xxxx xxxx xxxx xxxx xxxx xxxx	0000 0000 0000 0000 0000 0000 0000 0100	0000 0000 1001 0100 0100 1010 0110 0011	0000 0000 0000 0100
xxxx xxxx xxxx xxxx xxxx xxxx xxxx xxxx	xxxx xxxx xxxx xxxx xxxx xxxx xxxx xxxx	xxxx xxxx xxxx xxxx xxxx xxxx xxxx xxxx	xxxx xxxx xxxx xxxx xxxx xxxx xxxx xxxx	xxxx xxxx xxxx xxxx xxxx xxxx xxxx xxxx	xxxx xxxx xxxx xxxx xxxx xxxx xxxx xxxx	xxxx xxxx xxxx xxxx xxxx xxxx xxxx xxxx	xxxx xxxx xxxx xxxx xxxx xxxx xxxx xxxx	0000 0000 0000 0000 0000 0000 0000 0101	1111 1110 0000 0000 0000 1000 1110 0011	0000 0000 0000 0101
xxxx xxxx xxxx xxxx xxxx xxxx xxxx xxxx	xxxx xxxx xxxx xxxx xxxx xxxx xxxx xxxx	xxxx xxxx xxxx xxxx xxxx xxxx xxxx xxxx	xxxx xxxx xxxx xxxx xxxx xxxx xxxx xxxx	xxxx xxxx xxxx xxxx xxxx xxxx xxxx xxxx	xxxx xxxx xxxx xxxx xxxx xxxx xxxx xxxx	xxxx xxxx xxxx xxxx xxxx xxxx xxxx xxxx	xxxx xxxx xxxx xxxx xxxx xxxx xxxx xxxx	0000 0000 0000 0000 0000 0000 0000 0110	1111 1110 1100 0100 1000 0100 1001 0011	0000 0000 0000 0110
xxxx xxxx xxxx xxxx xxxx xxxx xxxx xxxx	xxxx xxxx xxxx xxxx xxxx xxxx xxxx xxxx	xxxx xxxx xxxx xxxx xxxx xxxx xxxx xxxx	xxxx xxxx xxxx xxxx xxxx xxxx xxxx xxxx	xxxx xxxx xxxx xxxx xxxx xxxx xxxx xxxx	xxxx xxxx xxxx xxxx xxxx xxxx xxxx xxxx	xxxx xxxx xxxx xxxx xxxx xxxx xxxx xxxx	xxxx xxxx xxxx xxxx xxxx xxxx xxxx xxxx	0000 0000 0000 0000 0000 0000 0000 0111	0000 0000 1001 0100 0110 1010 0110 0011	0000 0000 0000 0111
xxxx xxxx xxxx xxxx xxxx xxxx xxxx xxxx	xxxx xxxx xxxx xxxx xxxx xxxx xxxx xxxx	xxxx xxxx xxxx xxxx xxxx xxxx xxxx xxxx	xxxx xxxx xxxx xxxx xxxx xxxx xxxx xxxx	xxxx xxxx xxxx xxxx xxxx xxxx xxxx xxxx	xxxx xxxx xxxx xxxx xxxx xxxx xxxx xxxx	xxxx xxxx xxxx xxxx xxxx xxxx xxxx xxxx	xxxx xxxx xxxx xxxx xxxx xxxx xxxx xxxx	0000 0000 0000 0000 0000 0000 0000 1000	1111 1110 0000 0000 0000 0010 1110 0011	0000 0000 0000 1000
xxxx xxxx xxxx xxxx xxxx xxxx xxxx xxxx	xxxx xxxx xxxx xxxx xxxx xxxx xxxx xxxx	xxxx xxxx xxxx xxxx xxxx xxxx xxxx xxxx	xxxx xxxx xxxx xxxx xxxx xxxx xxxx xxxx	xxxx xxxx xxxx xxxx xxxx xxxx xxxx xxxx	xxxx xxxx xxxx xxxx xxxx xxxx xxxx xxxx	xxxx xxxx xxxx xxxx xxxx xxxx xxxx xxxx	xxxx xxxx xxxx xxxx xxxx xxxx xxxx xxxx	0000 0000 0000 0000 0000 0000 0000 1001	0000 0001 0100 0100 0000 0100 0001 0011	0000 0000 0000 1001
xxxx xxxx xxxx xxxx xxxx xxxx xxxx xxxx	xxxx xxxx xxxx xxxx xxxx xxxx xxxx xxxx	xxxx xxxx xxxx xxxx xxxx xxxx xxxx xxxx	xxxx xxxx xxxx xxxx xxxx xxxx xxxx xxxx	xxxx xxxx xxxx xxxx xxxx xxxx xxxx xxxx	xxxx xxxx xxxx xxxx xxxx xxxx xxxx xxxx	xxxx xxxx xxxx xxxx xxxx xxxx xxxx xxxx	xxxx xxxx xxxx xxxx xxxx xxxx xxxx xxxx	0000 0000 0000 0000 0000 0000 0000 1010	1111 1110 1000 0100 1100 1000 1110 0011	0000 0000 0000 1010
xxxx xxxx xxxx xxxx xxxx xxxx xxxx xxxx	xxxx xxxx xxxx xxxx xxxx xxxx xxxx xxxx	xxxx xxxx xxxx xxxx xxxx xxxx xxxx xxxx	xxxx xxxx xxxx xxxx xxxx xxxx xxxx xxxx	xxxx xxxx xxxx xxxx xxxx xxxx xxxx xxxx	xxxx xxxx xxxx xxxx xxxx xxxx xxxx xxxx	xxxx xxxx xxxx xxxx xxxx xxxx xxxx xxxx	xxxx xxxx xxxx xxxx xxxx xxxx xxxx xxxx	0000 0000 0000 0000 0000 0000 0000 1011	1111 1100 0000 0000 0000 1100 1110 0011	0000 0000 0000 1011
xxxx xxxx xxxx xxxx xxxx xxxx xxxx xxxx	xxxx xxxx xxxx xxxx xxxx xxxx xxxx xxxx	xxxx xxxx xxxx xxxx xxxx xxxx xxxx xxxx	xxxx xxxx xxxx xxxx xxxx xxxx xxxx xxxx	xxxx xxxx xxxx xxxx xxxx xxxx xxxx xxxx	xxxx xxxx xxxx xxxx xxxx xxxx xxxx xxxx	xxxx xxxx xxxx xxxx xxxx xxxx xxxx xxxx	xxxx xxxx xxxx xxxx xxxx xxxx xxxx xxxx	0000 0000 0000 0000 0000 0000 0000 1100	0000 0000 0000 0000 0000 0101 0011 0011	0000 0000 0000 1100
xxxx xxxx xxxx xxxx xxxx xxxx xxxx xxxx	xxxx xxxx xxxx xxxx xxxx xxxx xxxx xxxx	xxxx xxxx xxxx xxxx xxxx xxxx xxxx xxxx	xxxx xxxx xxxx xxxx xxxx xxxx xxxx xxxx	xxxx xxxx xxxx xxxx xxxx xxxx xxxx xxxx	xxxx xxxx xxxx xxxx xxxx xxxx xxxx xxxx	xxxx xxxx xxxx xxxx xxxx xxxx xxxx xxxx	xxxx xxxx xxxx xxxx xxxx xxxx xxxx xxxx	0000 0000 0000 0000 0000 0000 0000 1101	0000 0000 0000 0000 0000 0000 0000 0000	0000 0000 0000 1101
xxxx xxxx xxxx xxxx xxxx xxxx xxxx xxxx	xxxx xxxx xxxx xxxx xxxx xxxx xxxx xxxx	xxxx xxxx xxxx xxxx xxxx xxxx xxxx xxxx	xxxx xxxx xxxx xxxx xxxx xxxx xxxx xxxx	xxxx xxxx xxxx xxxx xxxx xxxx xxxx xxxx	xxxx xxxx xxxx xxxx xxxx xxxx xxxx xxxx	xxxx xxxx xxxx xxxx xxxx xxxx xxxx xxxx	xxxx xxxx xxxx xxxx xxxx xxxx xxxx xxxx	0000 0000 0000 0000 0000 0000 0000 1110	0000 0000 0000 0000 0000 0000 0000 0000	0000 0000 0000 1110
xxxx xxxx xxxx xxxx xxxx xxxx xxxx xxxx	xxxx xxxx xxxx xxxx xxxx xxxx xxxx xxxx	xxxx xxxx xxxx xxxx xxxx xxxx xxxx xxxx	xxxx xxxx xxxx xxxx xxxx xxxx xxxx xxxx	xxxx xxxx xxxx xxxx xxxx xxxx xxxx xxxx	xxxx xxxx xxxx xxxx xxxx xxxx xxxx xxxx	xxxx xxxx xxxx xxxx xxxx xxxx xxxx xxxx	xxxx xxxx xxxx xxxx xxxx xxxx xxxx xxxx	0000 0000 0000 0000 0000 0000 0000 1111	0000 0000 0000 0000 0000 0000 0000 0000	0000 0000 0000 1111
xxxx xxxx xxxx xxxx xxxx xxxx xxxx xxxx	xxxx xxxx xxxx xxxx xxxx xxxx xxxx xxxx	xxxx xxxx xxxx xxxx xxxx xxxx xxxx xxxx	xxxx xxxx xxxx xxxx xxxx xxxx xxxx xxxx	xxxx xxxx xxxx xxxx xxxx xxxx xxxx xxxx	xxxx xxxx xxxx xxxx xxxx xxxx xxxx xxxx	xxxx xxxx xxxx xxxx xxxx xxxx xxxx xxxx	xxxx xxxx xxxx xxxx xxxx xxxx xxxx xxxx	0000 0000 0000 0000 0000 0000 0001 0000	0000 0000 0000 0000 0000 0000 0000 0000	0000 0000 0001 0000
xxxx xxxx xxxx xxxx xxxx xxxx xxxx xxxx	xxxx xxxx xxxx xxxx xxxx xxxx xxxx xxxx	xxxx xxxx xxxx xxxx xxxx xxxx xxxx xxxx	xxxx xxxx xxxx xxxx xxxx xxxx xxxx xxxx	xxxx xxxx xxxx xxxx xxxx xxxx xxxx xxxx	xxxx xxxx xxxx xxxx xxxx xxxx xxxx xxxx	xxxx xxxx xxxx xxxx xxxx xxxx xxxx xxxx	xxxx xxxx xxxx xxxx xxxx xxxx xxxx xxxx	0000 0000 0000 0000 0000 0000 0001 0001	0000 0000 0000 0000 0000 0000 0000 0000	0000 0000 0001 0001
xxxx xxxx xxxx xxxx xxxx xxxx xxxx xxxx	xxxx xxxx xxxx xxxx xxxx xxxx xxxx xxxx	xxxx xxxx xxxx xxxx xxxx xxxx xxxx xxxx	xxxx xxxx xxxx xxxx xxxx xxxx xxxx xxxx	xxxx xxxx xxxx xxxx xxxx xxxx xxxx xxxx	xxxx xxxx xxxx xxxx xxxx xxxx xxxx xxxx	xxxx xxxx xxxx xxxx xxxx xxxx xxxx xxxx	xxxx xxxx xxxx xxxx xxxx xxxx xxxx xxxx	0000 0000 0000 0000 0000 0000 0001 0010	0000 0000 0000 0000 0000 0000 0000 0000	0000 0000 0001 0010
xxxx xxxx xxxx xxxx xxxx xxxx xxxx xxxx	xxxx xxxx xxxx xxxx xxxx xxxx xxxx xxxx	xxxx xxxx xxxx xxxx xxxx xxxx xxxx xxxx	xxxx xxxx xxxx xxxx xxxx xxxx xxxx xxxx	xxxx xxxx xxxx xxxx xxxx xxxx xxxx xxxx	xxxx xxxx xxxx xxxx xxxx xxxx xxxx xxxx	xxxx xxxx xxxx xxxx xxxx xxxx xxxx xxxx	xxxx xxxx xxxx xxxx xxxx xxxx xxxx xxxx	0000 0000 0000 0000 0000 0000 0001 0011	0000 0000 0000 0000 0000 0000 0000 0000	0000 0000 0001 0011
xxxx xxxx xxxx xxxx xxxx xxxx xxxx xxxx	xxxx xxxx xxxx xxxx xxxx xxxx xxxx xxxx	xxxx xxxx xxxx xxxx xxxx xxxx xxxx xxxx	xxxx xxxx xxxx xxxx xxxx xxxx xxxx xxxx	xxxx xxxx xxxx xxxx xxxx xxxx xxxx xxxx	xxxx xxxx xxxx xxxx xxxx xxxx xxxx xxxx	xxxx xxxx xxxx xxxx xxxx xxxx xxxx xxxx	xxxx xxxx xxxx xxxx xxxx xxxx xxxx xxxx	0000 0000 0000 0000 0000 0000 0001 0100	0000 0000 0000 0000 0000 0000 0000 0000	0000 0000 0001 0100
